[INFO 2021-11-19 01:46:25.851 00 test.cc:112] 0
[INFO 2021-11-19 01:46:26.852 00 test.cc:112] 1
[INFO 2021-11-19 01:46:27.852 00 test.cc:112] 2
[INFO 2021-11-19 01:46:28.853 00 test.cc:112] 3
[INFO 2021-11-19 01:46:29.853 00 test.cc:112] 4
[INFO 2021-11-19 01:46:30.853 00 test.cc:112] 5
[INFO 2021-11-19 01:46:31.854 00 test.cc:112] 6
[INFO 2021-11-19 01:46:32.854 00 test.cc:112] 7
[INFO 2021-11-19 01:46:33.854 00 test.cc:112] 8
[INFO 2021-11-19 01:46:34.855 00 test.cc:112] 9
